io.github.jsonSnapshot.junit5.SnapshotMatcherExtensionTest.testParameterizedTest.testfive=[
  "five",
  "FIVE"
]


io.github.jsonSnapshot.junit5.SnapshotMatcherExtensionTest.testParameterizedTest.testfour=[
  "four",
  "FOUR"
]


io.github.jsonSnapshot.junit5.SnapshotMatcherExtensionTest.testParameterizedTest.testone=[
  "one",
  "ONE"
]


io.github.jsonSnapshot.junit5.SnapshotMatcherExtensionTest.testParameterizedTest.testseven=[
  "seven",
  "SEVEN"
]


io.github.jsonSnapshot.junit5.SnapshotMatcherExtensionTest.testParameterizedTest.testsix=[
  "six",
  "SIX"
]


io.github.jsonSnapshot.junit5.SnapshotMatcherExtensionTest.testParameterizedTest.testthree=[
  "three",
  "THREE"
]


io.github.jsonSnapshot.junit5.SnapshotMatcherExtensionTest.testParameterizedTest.testtwo=[
  "two",
  "TWO"
]


io.github.jsonSnapshot.junit5.SnapshotMatcherExtensionTest.testParameterizedTest2.testfive=[
  "five",
  "FIVE"
]


io.github.jsonSnapshot.junit5.SnapshotMatcherExtensionTest.testParameterizedTest2.testfour=[
  "four",
  "FOUR"
]


io.github.jsonSnapshot.junit5.SnapshotMatcherExtensionTest.testParameterizedTest2.testone=[
  "one",
  "ONE"
]


io.github.jsonSnapshot.junit5.SnapshotMatcherExtensionTest.testParameterizedTest2.testseven=[
  "seven",
  "SEVEN"
]


io.github.jsonSnapshot.junit5.SnapshotMatcherExtensionTest.testParameterizedTest2.testsix=[
  "six",
  "SIX"
]


io.github.jsonSnapshot.junit5.SnapshotMatcherExtensionTest.testParameterizedTest2.testthree=[
  "three",
  "THREE"
]


io.github.jsonSnapshot.junit5.SnapshotMatcherExtensionTest.testParameterizedTest2.testtwo=[
  "two",
  "TWO"
]